2019-04-24 13:49:07.290272:::3435:::2240:::1000:::kindredsec:::-bash
2019-04-24 13:49:13.381347:::3447:::3435:::1000:::kindredsec:::nc -lvnp 80000
2019-04-24 13:49:15.415954:::3447:::DEADPROC
2019-04-24 13:49:20.994819:::3448:::3435:::1000:::kindredsec:::vim /home/kindredsec/.bashrc
2019-04-24 13:49:23.521287:::3448:::DEADPROC
2019-04-24 13:50:32.639222:::3462:::3435:::1000:::kindredsec:::sleep 5
2019-04-24 13:50:37.705792:::3462:::DEADPROC
2019-04-24 13:50:43.795469:::3463:::3435:::1000:::kindredsec:::ssh -l de10 gl.umbc.edu
2019-04-24 13:50:48.862041:::3463:::DEADPROC
2019-04-24 13:50:53.426299:::3465:::3435:::1000:::kindredsec:::nc -lvnp 80000
2019-04-24 13:50:54.442938:::3465:::DEADPROC
2019-04-24 13:50:56.472149:::3466:::3435:::1000:::kindredsec:::nc -lvnp 5000
2019-04-24 13:50:57.482778:::3466:::DEADPROC
2019-04-24 13:51:00.525291:::3467:::3435:::1000:::kindredsec:::sleep 1
2019-04-24 13:51:01.544752:::3467:::DEADPROC
2019-04-24 13:51:03.598699:::3435:::DEADPROC
